/home/er/colcon_ws/src/mycobot_ros2/install/mycobot_280pi/lib/python3.8/site-packages/mycobot_280pi/following_marker.py
/home/er/colcon_ws/src/mycobot_ros2/install/mycobot_280pi/lib/python3.8/site-packages/mycobot_280pi/opencv_camera.py
/home/er/colcon_ws/src/mycobot_ros2/install/mycobot_280pi/lib/python3.8/site-packages/mycobot_280pi/slider_control.py
/home/er/colcon_ws/src/mycobot_ros2/install/mycobot_280pi/lib/python3.8/site-packages/mycobot_280pi/auto_move.py
/home/er/colcon_ws/src/mycobot_ros2/install/mycobot_280pi/lib/python3.8/site-packages/mycobot_280pi/follow_and_pump.py
/home/er/colcon_ws/src/mycobot_ros2/install/mycobot_280pi/lib/python3.8/site-packages/mycobot_280pi/__init__.py
/home/er/colcon_ws/src/mycobot_ros2/install/mycobot_280pi/lib/python3.8/site-packages/mycobot_280pi/listen_real_of_topic.py
/home/er/colcon_ws/src/mycobot_ros2/install/mycobot_280pi/lib/python3.8/site-packages/mycobot_280pi/follow_display.py
/home/er/colcon_ws/src/mycobot_ros2/install/mycobot_280pi/lib/python3.8/site-packages/mycobot_280pi/teleop_keyboard.py
/home/er/colcon_ws/src/mycobot_ros2/install/mycobot_280pi/lib/python3.8/site-packages/mycobot_280pi/simple_gui.py
/home/er/colcon_ws/src/mycobot_ros2/install/mycobot_280pi/lib/python3.8/site-packages/mycobot_280pi/camera_display.py
/home/er/colcon_ws/src/mycobot_ros2/install/mycobot_280pi/lib/python3.8/site-packages/mycobot_280pi/listen_real.py
/home/er/colcon_ws/src/mycobot_ros2/install/mycobot_280pi/lib/python3.8/site-packages/mycobot_280pi/detect_marker.py
/home/er/colcon_ws/src/mycobot_ros2/install/mycobot_280pi/lib/python3.8/site-packages/mycobot_280pi/__pycache__/following_marker.cpython-38.pyc
/home/er/colcon_ws/src/mycobot_ros2/install/mycobot_280pi/lib/python3.8/site-packages/mycobot_280pi/__pycache__/opencv_camera.cpython-38.pyc
/home/er/colcon_ws/src/mycobot_ros2/install/mycobot_280pi/lib/python3.8/site-packages/mycobot_280pi/__pycache__/slider_control.cpython-38.pyc
/home/er/colcon_ws/src/mycobot_ros2/install/mycobot_280pi/lib/python3.8/site-packages/mycobot_280pi/__pycache__/auto_move.cpython-38.pyc
/home/er/colcon_ws/src/mycobot_ros2/install/mycobot_280pi/lib/python3.8/site-packages/mycobot_280pi/__pycache__/follow_and_pump.cpython-38.pyc
/home/er/colcon_ws/src/mycobot_ros2/install/mycobot_280pi/lib/python3.8/site-packages/mycobot_280pi/__pycache__/__init__.cpython-38.pyc
/home/er/colcon_ws/src/mycobot_ros2/install/mycobot_280pi/lib/python3.8/site-packages/mycobot_280pi/__pycache__/listen_real_of_topic.cpython-38.pyc
/home/er/colcon_ws/src/mycobot_ros2/install/mycobot_280pi/lib/python3.8/site-packages/mycobot_280pi/__pycache__/follow_display.cpython-38.pyc
/home/er/colcon_ws/src/mycobot_ros2/install/mycobot_280pi/lib/python3.8/site-packages/mycobot_280pi/__pycache__/teleop_keyboard.cpython-38.pyc
/home/er/colcon_ws/src/mycobot_ros2/install/mycobot_280pi/lib/python3.8/site-packages/mycobot_280pi/__pycache__/simple_gui.cpython-38.pyc
/home/er/colcon_ws/src/mycobot_ros2/install/mycobot_280pi/lib/python3.8/site-packages/mycobot_280pi/__pycache__/camera_display.cpython-38.pyc
/home/er/colcon_ws/src/mycobot_ros2/install/mycobot_280pi/lib/python3.8/site-packages/mycobot_280pi/__pycache__/listen_real.cpython-38.pyc
/home/er/colcon_ws/src/mycobot_ros2/install/mycobot_280pi/lib/python3.8/site-packages/mycobot_280pi/__pycache__/detect_marker.cpython-38.pyc
/home/er/colcon_ws/src/mycobot_ros2/install/mycobot_280pi/share/ament_index/resource_index/packages/mycobot_280pi
/home/er/colcon_ws/src/mycobot_ros2/install/mycobot_280pi/share/mycobot_280pi/package.xml
/home/er/colcon_ws/src/mycobot_ros2/install/mycobot_280pi/share/mycobot_280pi/launch/teleop_keyboard.launch.py
/home/er/colcon_ws/src/mycobot_ros2/install/mycobot_280pi/share/mycobot_280pi/launch/detect_marker.launch.py
/home/er/colcon_ws/src/mycobot_ros2/install/mycobot_280pi/share/mycobot_280pi/launch/slider_control_camera_flange.launch.py
/home/er/colcon_ws/src/mycobot_ros2/install/mycobot_280pi/share/mycobot_280pi/launch/detect_marker_with_topic.launch.py
/home/er/colcon_ws/src/mycobot_ros2/install/mycobot_280pi/share/mycobot_280pi/launch/test_camera_flange_pump.launch.py
/home/er/colcon_ws/src/mycobot_ros2/install/mycobot_280pi/share/mycobot_280pi/launch/test_pump.launch.py
/home/er/colcon_ws/src/mycobot_ros2/install/mycobot_280pi/share/mycobot_280pi/launch/auto_move.launch.py
/home/er/colcon_ws/src/mycobot_ros2/install/mycobot_280pi/share/mycobot_280pi/launch/test_camera_flange.launch.py
/home/er/colcon_ws/src/mycobot_ros2/install/mycobot_280pi/share/mycobot_280pi/launch/test.launch.py
/home/er/colcon_ws/src/mycobot_ros2/install/mycobot_280pi/share/mycobot_280pi/launch/slider_control.launch.py
/home/er/colcon_ws/src/mycobot_ros2/install/mycobot_280pi/share/mycobot_280pi/launch/slider_control_pump.launch.py
/home/er/colcon_ws/src/mycobot_ros2/install/mycobot_280pi/share/mycobot_280pi/launch/simple_gui.launch.py
/home/er/colcon_ws/src/mycobot_ros2/install/mycobot_280pi/share/mycobot_280pi/launch/mycobot_follow.launch.py
/home/er/colcon_ws/src/mycobot_ros2/install/mycobot_280pi/share/mycobot_280pi/config/mycobot_pi.rviz
/home/er/colcon_ws/src/mycobot_ros2/install/mycobot_280pi/share/mycobot_280pi/config/mycobot_with_marker.rviz
/home/er/colcon_ws/src/mycobot_ros2/install/mycobot_280pi/lib/python3.8/site-packages/mycobot_280pi-0.0.0-py3.8.egg-info/SOURCES.txt
/home/er/colcon_ws/src/mycobot_ros2/install/mycobot_280pi/lib/python3.8/site-packages/mycobot_280pi-0.0.0-py3.8.egg-info/PKG-INFO
/home/er/colcon_ws/src/mycobot_ros2/install/mycobot_280pi/lib/python3.8/site-packages/mycobot_280pi-0.0.0-py3.8.egg-info/entry_points.txt
/home/er/colcon_ws/src/mycobot_ros2/install/mycobot_280pi/lib/python3.8/site-packages/mycobot_280pi-0.0.0-py3.8.egg-info/dependency_links.txt
/home/er/colcon_ws/src/mycobot_ros2/install/mycobot_280pi/lib/python3.8/site-packages/mycobot_280pi-0.0.0-py3.8.egg-info/top_level.txt
/home/er/colcon_ws/src/mycobot_ros2/install/mycobot_280pi/lib/python3.8/site-packages/mycobot_280pi-0.0.0-py3.8.egg-info/zip-safe
/home/er/colcon_ws/src/mycobot_ros2/install/mycobot_280pi/lib/python3.8/site-packages/mycobot_280pi-0.0.0-py3.8.egg-info/requires.txt
/home/er/colcon_ws/src/mycobot_ros2/install/mycobot_280pi/lib/mycobot_280pi/auto_move
/home/er/colcon_ws/src/mycobot_ros2/install/mycobot_280pi/lib/mycobot_280pi/camera_display
/home/er/colcon_ws/src/mycobot_ros2/install/mycobot_280pi/lib/mycobot_280pi/detect_marker
/home/er/colcon_ws/src/mycobot_ros2/install/mycobot_280pi/lib/mycobot_280pi/follow_display
/home/er/colcon_ws/src/mycobot_ros2/install/mycobot_280pi/lib/mycobot_280pi/following_marker
/home/er/colcon_ws/src/mycobot_ros2/install/mycobot_280pi/lib/mycobot_280pi/listen_real
/home/er/colcon_ws/src/mycobot_ros2/install/mycobot_280pi/lib/mycobot_280pi/listen_real_of_topic
/home/er/colcon_ws/src/mycobot_ros2/install/mycobot_280pi/lib/mycobot_280pi/opencv_camera
/home/er/colcon_ws/src/mycobot_ros2/install/mycobot_280pi/lib/mycobot_280pi/simple_gui
/home/er/colcon_ws/src/mycobot_ros2/install/mycobot_280pi/lib/mycobot_280pi/slider_control
/home/er/colcon_ws/src/mycobot_ros2/install/mycobot_280pi/lib/mycobot_280pi/teleop_keyboard
