running egg_info
creating ../../build/mycobot_280pi/mycobot_280pi.egg-info
writing ../../build/mycobot_280pi/mycobot_280pi.egg-info/PKG-INFO
writing dependency_links to ../../build/mycobot_280pi/mycobot_280pi.egg-info/dependency_links.txt
writing entry points to ../../build/mycobot_280pi/mycobot_280pi.egg-info/entry_points.txt
writing requirements to ../../build/mycobot_280pi/mycobot_280pi.egg-info/requires.txt
writing top-level names to ../../build/mycobot_280pi/mycobot_280pi.egg-info/top_level.txt
writing manifest file '../../build/mycobot_280pi/mycobot_280pi.egg-info/SOURCES.txt'
reading manifest file '../../build/mycobot_280pi/mycobot_280pi.egg-info/SOURCES.txt'
writing manifest file '../../build/mycobot_280pi/mycobot_280pi.egg-info/SOURCES.txt'
running build
running build_py
creating /home/er/colcon_ws/src/mycobot_ros2/build/mycobot_280pi/build
creating /home/er/colcon_ws/src/mycobot_ros2/build/mycobot_280pi/build/lib
creating /home/er/colcon_ws/src/mycobot_ros2/build/mycobot_280pi/build/lib/mycobot_280pi
copying mycobot_280pi/following_marker.py -> /home/er/colcon_ws/src/mycobot_ros2/build/mycobot_280pi/build/lib/mycobot_280pi
copying mycobot_280pi/opencv_camera.py -> /home/er/colcon_ws/src/mycobot_ros2/build/mycobot_280pi/build/lib/mycobot_280pi
copying mycobot_280pi/slider_control.py -> /home/er/colcon_ws/src/mycobot_ros2/build/mycobot_280pi/build/lib/mycobot_280pi
copying mycobot_280pi/auto_move.py -> /home/er/colcon_ws/src/mycobot_ros2/build/mycobot_280pi/build/lib/mycobot_280pi
copying mycobot_280pi/follow_and_pump.py -> /home/er/colcon_ws/src/mycobot_ros2/build/mycobot_280pi/build/lib/mycobot_280pi
copying mycobot_280pi/__init__.py -> /home/er/colcon_ws/src/mycobot_ros2/build/mycobot_280pi/build/lib/mycobot_280pi
copying mycobot_280pi/listen_real_of_topic.py -> /home/er/colcon_ws/src/mycobot_ros2/build/mycobot_280pi/build/lib/mycobot_280pi
copying mycobot_280pi/follow_display.py -> /home/er/colcon_ws/src/mycobot_ros2/build/mycobot_280pi/build/lib/mycobot_280pi
copying mycobot_280pi/teleop_keyboard.py -> /home/er/colcon_ws/src/mycobot_ros2/build/mycobot_280pi/build/lib/mycobot_280pi
copying mycobot_280pi/simple_gui.py -> /home/er/colcon_ws/src/mycobot_ros2/build/mycobot_280pi/build/lib/mycobot_280pi
copying mycobot_280pi/camera_display.py -> /home/er/colcon_ws/src/mycobot_ros2/build/mycobot_280pi/build/lib/mycobot_280pi
copying mycobot_280pi/listen_real.py -> /home/er/colcon_ws/src/mycobot_ros2/build/mycobot_280pi/build/lib/mycobot_280pi
copying mycobot_280pi/detect_marker.py -> /home/er/colcon_ws/src/mycobot_ros2/build/mycobot_280pi/build/lib/mycobot_280pi
running install
running install_lib
creating /home/er/colcon_ws/src/mycobot_ros2/install/mycobot_280pi/lib/python3.8/site-packages/mycobot_280pi
copying /home/er/colcon_ws/src/mycobot_ros2/build/mycobot_280pi/build/lib/mycobot_280pi/following_marker.py -> /home/er/colcon_ws/src/mycobot_ros2/install/mycobot_280pi/lib/python3.8/site-packages/mycobot_280pi
copying /home/er/colcon_ws/src/mycobot_ros2/build/mycobot_280pi/build/lib/mycobot_280pi/opencv_camera.py -> /home/er/colcon_ws/src/mycobot_ros2/install/mycobot_280pi/lib/python3.8/site-packages/mycobot_280pi
copying /home/er/colcon_ws/src/mycobot_ros2/build/mycobot_280pi/build/lib/mycobot_280pi/slider_control.py -> /home/er/colcon_ws/src/mycobot_ros2/install/mycobot_280pi/lib/python3.8/site-packages/mycobot_280pi
copying /home/er/colcon_ws/src/mycobot_ros2/build/mycobot_280pi/build/lib/mycobot_280pi/auto_move.py -> /home/er/colcon_ws/src/mycobot_ros2/install/mycobot_280pi/lib/python3.8/site-packages/mycobot_280pi
copying /home/er/colcon_ws/src/mycobot_ros2/build/mycobot_280pi/build/lib/mycobot_280pi/follow_and_pump.py -> /home/er/colcon_ws/src/mycobot_ros2/install/mycobot_280pi/lib/python3.8/site-packages/mycobot_280pi
copying /home/er/colcon_ws/src/mycobot_ros2/build/mycobot_280pi/build/lib/mycobot_280pi/__init__.py -> /home/er/colcon_ws/src/mycobot_ros2/install/mycobot_280pi/lib/python3.8/site-packages/mycobot_280pi
copying /home/er/colcon_ws/src/mycobot_ros2/build/mycobot_280pi/build/lib/mycobot_280pi/listen_real_of_topic.py -> /home/er/colcon_ws/src/mycobot_ros2/install/mycobot_280pi/lib/python3.8/site-packages/mycobot_280pi
copying /home/er/colcon_ws/src/mycobot_ros2/build/mycobot_280pi/build/lib/mycobot_280pi/follow_display.py -> /home/er/colcon_ws/src/mycobot_ros2/install/mycobot_280pi/lib/python3.8/site-packages/mycobot_280pi
copying /home/er/colcon_ws/src/mycobot_ros2/build/mycobot_280pi/build/lib/mycobot_280pi/teleop_keyboard.py -> /home/er/colcon_ws/src/mycobot_ros2/install/mycobot_280pi/lib/python3.8/site-packages/mycobot_280pi
copying /home/er/colcon_ws/src/mycobot_ros2/build/mycobot_280pi/build/lib/mycobot_280pi/simple_gui.py -> /home/er/colcon_ws/src/mycobot_ros2/install/mycobot_280pi/lib/python3.8/site-packages/mycobot_280pi
copying /home/er/colcon_ws/src/mycobot_ros2/build/mycobot_280pi/build/lib/mycobot_280pi/camera_display.py -> /home/er/colcon_ws/src/mycobot_ros2/install/mycobot_280pi/lib/python3.8/site-packages/mycobot_280pi
copying /home/er/colcon_ws/src/mycobot_ros2/build/mycobot_280pi/build/lib/mycobot_280pi/listen_real.py -> /home/er/colcon_ws/src/mycobot_ros2/install/mycobot_280pi/lib/python3.8/site-packages/mycobot_280pi
copying /home/er/colcon_ws/src/mycobot_ros2/build/mycobot_280pi/build/lib/mycobot_280pi/detect_marker.py -> /home/er/colcon_ws/src/mycobot_ros2/install/mycobot_280pi/lib/python3.8/site-packages/mycobot_280pi
byte-compiling /home/er/colcon_ws/src/mycobot_ros2/install/mycobot_280pi/lib/python3.8/site-packages/mycobot_280pi/following_marker.py to following_marker.cpython-38.pyc
byte-compiling /home/er/colcon_ws/src/mycobot_ros2/install/mycobot_280pi/lib/python3.8/site-packages/mycobot_280pi/opencv_camera.py to opencv_camera.cpython-38.pyc
byte-compiling /home/er/colcon_ws/src/mycobot_ros2/install/mycobot_280pi/lib/python3.8/site-packages/mycobot_280pi/slider_control.py to slider_control.cpython-38.pyc
byte-compiling /home/er/colcon_ws/src/mycobot_ros2/install/mycobot_280pi/lib/python3.8/site-packages/mycobot_280pi/auto_move.py to auto_move.cpython-38.pyc
byte-compiling /home/er/colcon_ws/src/mycobot_ros2/install/mycobot_280pi/lib/python3.8/site-packages/mycobot_280pi/follow_and_pump.py to follow_and_pump.cpython-38.pyc
byte-compiling /home/er/colcon_ws/src/mycobot_ros2/install/mycobot_280pi/lib/python3.8/site-packages/mycobot_280pi/__init__.py to __init__.cpython-38.pyc
byte-compiling /home/er/colcon_ws/src/mycobot_ros2/install/mycobot_280pi/lib/python3.8/site-packages/mycobot_280pi/listen_real_of_topic.py to listen_real_of_topic.cpython-38.pyc
byte-compiling /home/er/colcon_ws/src/mycobot_ros2/install/mycobot_280pi/lib/python3.8/site-packages/mycobot_280pi/follow_display.py to follow_display.cpython-38.pyc
byte-compiling /home/er/colcon_ws/src/mycobot_ros2/install/mycobot_280pi/lib/python3.8/site-packages/mycobot_280pi/teleop_keyboard.py to teleop_keyboard.cpython-38.pyc
byte-compiling /home/er/colcon_ws/src/mycobot_ros2/install/mycobot_280pi/lib/python3.8/site-packages/mycobot_280pi/simple_gui.py to simple_gui.cpython-38.pyc
byte-compiling /home/er/colcon_ws/src/mycobot_ros2/install/mycobot_280pi/lib/python3.8/site-packages/mycobot_280pi/camera_display.py to camera_display.cpython-38.pyc
byte-compiling /home/er/colcon_ws/src/mycobot_ros2/install/mycobot_280pi/lib/python3.8/site-packages/mycobot_280pi/listen_real.py to listen_real.cpython-38.pyc
byte-compiling /home/er/colcon_ws/src/mycobot_ros2/install/mycobot_280pi/lib/python3.8/site-packages/mycobot_280pi/detect_marker.py to detect_marker.cpython-38.pyc
running install_data
creating /home/er/colcon_ws/src/mycobot_ros2/install/mycobot_280pi/share/ament_index
creating /home/er/colcon_ws/src/mycobot_ros2/install/mycobot_280pi/share/ament_index/resource_index
creating /home/er/colcon_ws/src/mycobot_ros2/install/mycobot_280pi/share/ament_index/resource_index/packages
copying resource/mycobot_280pi -> /home/er/colcon_ws/src/mycobot_ros2/install/mycobot_280pi/share/ament_index/resource_index/packages
copying package.xml -> /home/er/colcon_ws/src/mycobot_ros2/install/mycobot_280pi/share/mycobot_280pi
creating /home/er/colcon_ws/src/mycobot_ros2/install/mycobot_280pi/share/mycobot_280pi/launch
copying launch/teleop_keyboard.launch.py -> /home/er/colcon_ws/src/mycobot_ros2/install/mycobot_280pi/share/mycobot_280pi/launch
copying launch/detect_marker.launch.py -> /home/er/colcon_ws/src/mycobot_ros2/install/mycobot_280pi/share/mycobot_280pi/launch
copying launch/slider_control_camera_flange.launch.py -> /home/er/colcon_ws/src/mycobot_ros2/install/mycobot_280pi/share/mycobot_280pi/launch
copying launch/detect_marker_with_topic.launch.py -> /home/er/colcon_ws/src/mycobot_ros2/install/mycobot_280pi/share/mycobot_280pi/launch
copying launch/test_camera_flange_pump.launch.py -> /home/er/colcon_ws/src/mycobot_ros2/install/mycobot_280pi/share/mycobot_280pi/launch
copying launch/test_pump.launch.py -> /home/er/colcon_ws/src/mycobot_ros2/install/mycobot_280pi/share/mycobot_280pi/launch
copying launch/auto_move.launch.py -> /home/er/colcon_ws/src/mycobot_ros2/install/mycobot_280pi/share/mycobot_280pi/launch
copying launch/test_camera_flange.launch.py -> /home/er/colcon_ws/src/mycobot_ros2/install/mycobot_280pi/share/mycobot_280pi/launch
copying launch/test.launch.py -> /home/er/colcon_ws/src/mycobot_ros2/install/mycobot_280pi/share/mycobot_280pi/launch
copying launch/slider_control.launch.py -> /home/er/colcon_ws/src/mycobot_ros2/install/mycobot_280pi/share/mycobot_280pi/launch
copying launch/slider_control_pump.launch.py -> /home/er/colcon_ws/src/mycobot_ros2/install/mycobot_280pi/share/mycobot_280pi/launch
copying launch/simple_gui.launch.py -> /home/er/colcon_ws/src/mycobot_ros2/install/mycobot_280pi/share/mycobot_280pi/launch
copying launch/mycobot_follow.launch.py -> /home/er/colcon_ws/src/mycobot_ros2/install/mycobot_280pi/share/mycobot_280pi/launch
creating /home/er/colcon_ws/src/mycobot_ros2/install/mycobot_280pi/share/mycobot_280pi/config
copying config/mycobot_pi.rviz -> /home/er/colcon_ws/src/mycobot_ros2/install/mycobot_280pi/share/mycobot_280pi/config
copying config/mycobot_with_marker.rviz -> /home/er/colcon_ws/src/mycobot_ros2/install/mycobot_280pi/share/mycobot_280pi/config
running install_egg_info
Copying ../../build/mycobot_280pi/mycobot_280pi.egg-info to /home/er/colcon_ws/src/mycobot_ros2/install/mycobot_280pi/lib/python3.8/site-packages/mycobot_280pi-0.0.0-py3.8.egg-info
running install_scripts
Installing auto_move script to /home/er/colcon_ws/src/mycobot_ros2/install/mycobot_280pi/lib/mycobot_280pi
Installing camera_display script to /home/er/colcon_ws/src/mycobot_ros2/install/mycobot_280pi/lib/mycobot_280pi
Installing detect_marker script to /home/er/colcon_ws/src/mycobot_ros2/install/mycobot_280pi/lib/mycobot_280pi
Installing follow_display script to /home/er/colcon_ws/src/mycobot_ros2/install/mycobot_280pi/lib/mycobot_280pi
Installing following_marker script to /home/er/colcon_ws/src/mycobot_ros2/install/mycobot_280pi/lib/mycobot_280pi
Installing listen_real script to /home/er/colcon_ws/src/mycobot_ros2/install/mycobot_280pi/lib/mycobot_280pi
Installing listen_real_of_topic script to /home/er/colcon_ws/src/mycobot_ros2/install/mycobot_280pi/lib/mycobot_280pi
Installing opencv_camera script to /home/er/colcon_ws/src/mycobot_ros2/install/mycobot_280pi/lib/mycobot_280pi
Installing simple_gui script to /home/er/colcon_ws/src/mycobot_ros2/install/mycobot_280pi/lib/mycobot_280pi
Installing slider_control script to /home/er/colcon_ws/src/mycobot_ros2/install/mycobot_280pi/lib/mycobot_280pi
Installing teleop_keyboard script to /home/er/colcon_ws/src/mycobot_ros2/install/mycobot_280pi/lib/mycobot_280pi
writing list of installed files to '/home/er/colcon_ws/src/mycobot_ros2/build/mycobot_280pi/install.log'
