/home/er/colcon_ws/src/mycobot_ros2/install/mycobot_description/lib/python3.8/site-packages/mycobot_description/__init__.py
/home/er/colcon_ws/src/mycobot_ros2/install/mycobot_description/lib/python3.8/site-packages/mycobot_description/__pycache__/__init__.cpython-38.pyc
/home/er/colcon_ws/src/mycobot_ros2/install/mycobot_description/share/ament_index/resource_index/packages/mycobot_description
/home/er/colcon_ws/src/mycobot_ros2/install/mycobot_description/share/mycobot_description/package.xml
/home/er/colcon_ws/src/mycobot_ros2/install/mycobot_description/share/mycobot_description/urdf/mypalletizer_260_pi/mypalletizer_260_pi_aikit.urdf
/home/er/colcon_ws/src/mycobot_ros2/install/mycobot_description/share/mycobot_description/urdf/mypalletizer_260_pi/base.dae
/home/er/colcon_ws/src/mycobot_ros2/install/mycobot_description/share/mycobot_description/urdf/mypalletizer_260_pi/link2.dae
/home/er/colcon_ws/src/mycobot_ros2/install/mycobot_description/share/mycobot_description/urdf/mypalletizer_260_pi/link1.dae
/home/er/colcon_ws/src/mycobot_ros2/install/mycobot_description/share/mycobot_description/urdf/mypalletizer_260_pi/link4.dae
/home/er/colcon_ws/src/mycobot_ros2/install/mycobot_description/share/mycobot_description/urdf/mypalletizer_260_pi/suit_env.dae
/home/er/colcon_ws/src/mycobot_ros2/install/mycobot_description/share/mycobot_description/urdf/mypalletizer_260_pi/mypalletizer_260_pi.urdf
/home/er/colcon_ws/src/mycobot_ros2/install/mycobot_description/share/mycobot_description/urdf/mypalletizer_260_pi/link3.dae
/home/er/colcon_ws/src/mycobot_ros2/install/mycobot_description/share/mycobot_description/urdf/mypalletizer_260_pi/link5.dae
/home/er/colcon_ws/src/mycobot_ros2/install/mycobot_description/share/mycobot_description/urdf/mypalletizer_260_m5/base.dae
/home/er/colcon_ws/src/mycobot_ros2/install/mycobot_description/share/mycobot_description/urdf/mypalletizer_260_m5/link2.dae
/home/er/colcon_ws/src/mycobot_ros2/install/mycobot_description/share/mycobot_description/urdf/mypalletizer_260_m5/link1.dae
/home/er/colcon_ws/src/mycobot_ros2/install/mycobot_description/share/mycobot_description/urdf/mypalletizer_260_m5/link4.dae
/home/er/colcon_ws/src/mycobot_ros2/install/mycobot_description/share/mycobot_description/urdf/mypalletizer_260_m5/mypalletizer_260_m5.urdf
/home/er/colcon_ws/src/mycobot_ros2/install/mycobot_description/share/mycobot_description/urdf/mypalletizer_260_m5/link3.dae
/home/er/colcon_ws/src/mycobot_ros2/install/mycobot_description/share/mycobot_description/urdf/mypalletizer_260_m5/link5.dae
/home/er/colcon_ws/src/mycobot_ros2/install/mycobot_description/share/mycobot_description/urdf/mycobot_280_jn/joint2.dae
/home/er/colcon_ws/src/mycobot_ros2/install/mycobot_description/share/mycobot_description/urdf/mycobot_280_jn/joint4.png
/home/er/colcon_ws/src/mycobot_ros2/install/mycobot_description/share/mycobot_description/urdf/mycobot_280_jn/joint7.dae
/home/er/colcon_ws/src/mycobot_ros2/install/mycobot_description/share/mycobot_description/urdf/mycobot_280_jn/joint3.png
/home/er/colcon_ws/src/mycobot_ros2/install/mycobot_description/share/mycobot_description/urdf/mycobot_280_jn/joint3.dae
/home/er/colcon_ws/src/mycobot_ros2/install/mycobot_description/share/mycobot_description/urdf/mycobot_280_jn/joint5.dae
/home/er/colcon_ws/src/mycobot_ros2/install/mycobot_description/share/mycobot_description/urdf/mycobot_280_jn/joint2.png
/home/er/colcon_ws/src/mycobot_ros2/install/mycobot_description/share/mycobot_description/urdf/mycobot_280_jn/joint4.dae
/home/er/colcon_ws/src/mycobot_ros2/install/mycobot_description/share/mycobot_description/urdf/mycobot_280_jn/joint5.png
/home/er/colcon_ws/src/mycobot_ros2/install/mycobot_description/share/mycobot_description/urdf/mycobot_280_jn/mycobot_280_jn.urdf
/home/er/colcon_ws/src/mycobot_ros2/install/mycobot_description/share/mycobot_description/urdf/mycobot_280_jn/joint6.png
/home/er/colcon_ws/src/mycobot_ros2/install/mycobot_description/share/mycobot_description/urdf/mycobot_280_jn/joint1_jet.dae
/home/er/colcon_ws/src/mycobot_ros2/install/mycobot_description/share/mycobot_description/urdf/mycobot_280_jn/joint7.png
/home/er/colcon_ws/src/mycobot_ros2/install/mycobot_description/share/mycobot_description/urdf/mycobot_280_jn/joint6.dae
/home/er/colcon_ws/src/mycobot_ros2/install/mycobot_description/share/mycobot_description/urdf/mycobot_320_m5_2022/base.dae
/home/er/colcon_ws/src/mycobot_ros2/install/mycobot_description/share/mycobot_description/urdf/mycobot_320_m5_2022/link2.dae
/home/er/colcon_ws/src/mycobot_ros2/install/mycobot_description/share/mycobot_description/urdf/mycobot_320_m5_2022/link1.dae
/home/er/colcon_ws/src/mycobot_ros2/install/mycobot_description/share/mycobot_description/urdf/mycobot_320_m5_2022/mycobot_320_m5_2022.urdf
/home/er/colcon_ws/src/mycobot_ros2/install/mycobot_description/share/mycobot_description/urdf/mycobot_320_m5_2022/link4.dae
/home/er/colcon_ws/src/mycobot_ros2/install/mycobot_description/share/mycobot_description/urdf/mycobot_320_m5_2022/link3.dae
/home/er/colcon_ws/src/mycobot_ros2/install/mycobot_description/share/mycobot_description/urdf/mycobot_320_m5_2022/link6.dae
/home/er/colcon_ws/src/mycobot_ros2/install/mycobot_description/share/mycobot_description/urdf/mycobot_320_m5_2022/link5.dae
/home/er/colcon_ws/src/mycobot_ros2/install/mycobot_description/share/mycobot_description/urdf/mycobot_pro_600/base.dae
/home/er/colcon_ws/src/mycobot_ros2/install/mycobot_description/share/mycobot_description/urdf/mycobot_pro_600/link2.dae
/home/er/colcon_ws/src/mycobot_ros2/install/mycobot_description/share/mycobot_description/urdf/mycobot_pro_600/link1.dae
/home/er/colcon_ws/src/mycobot_ros2/install/mycobot_description/share/mycobot_description/urdf/mycobot_pro_600/link4.dae
/home/er/colcon_ws/src/mycobot_ros2/install/mycobot_description/share/mycobot_description/urdf/mycobot_pro_600/mycobot_pro_600.urdf
/home/er/colcon_ws/src/mycobot_ros2/install/mycobot_description/share/mycobot_description/urdf/mycobot_pro_600/link3.dae
/home/er/colcon_ws/src/mycobot_ros2/install/mycobot_description/share/mycobot_description/urdf/mycobot_pro_600/link6.dae
/home/er/colcon_ws/src/mycobot_ros2/install/mycobot_description/share/mycobot_description/urdf/mycobot_pro_600/link5.dae
/home/er/colcon_ws/src/mycobot_ros2/install/mycobot_description/share/mycobot_description/urdf/mycobot_280_m5/mycobot_280_m5.urdf
/home/er/colcon_ws/src/mycobot_ros2/install/mycobot_description/share/mycobot_description/urdf/mycobot_280_m5/pump_head.dae
/home/er/colcon_ws/src/mycobot_ros2/install/mycobot_description/share/mycobot_description/urdf/mycobot_280_m5/joint2.dae
/home/er/colcon_ws/src/mycobot_ros2/install/mycobot_description/share/mycobot_description/urdf/mycobot_280_m5/withenv.urdf
/home/er/colcon_ws/src/mycobot_ros2/install/mycobot_description/share/mycobot_description/urdf/mycobot_280_m5/joint4.png
/home/er/colcon_ws/src/mycobot_ros2/install/mycobot_description/share/mycobot_description/urdf/mycobot_280_m5/mycobot_280_m5_with_pump.urdf
/home/er/colcon_ws/src/mycobot_ros2/install/mycobot_description/share/mycobot_description/urdf/mycobot_280_m5/joint7.dae
/home/er/colcon_ws/src/mycobot_ros2/install/mycobot_description/share/mycobot_description/urdf/mycobot_280_m5/noenv.urdf
/home/er/colcon_ws/src/mycobot_ros2/install/mycobot_description/share/mycobot_description/urdf/mycobot_280_m5/joint3.png
/home/er/colcon_ws/src/mycobot_ros2/install/mycobot_description/share/mycobot_description/urdf/mycobot_280_m5/mycobot_with_vision_copy.urdf
/home/er/colcon_ws/src/mycobot_ros2/install/mycobot_description/share/mycobot_description/urdf/mycobot_280_m5/mycobot_280_m5_with_camera_flange.urdf
/home/er/colcon_ws/src/mycobot_ros2/install/mycobot_description/share/mycobot_description/urdf/mycobot_280_m5/joint3.dae
/home/er/colcon_ws/src/mycobot_ros2/install/mycobot_description/share/mycobot_description/urdf/mycobot_280_m5/G_base.dae
/home/er/colcon_ws/src/mycobot_ros2/install/mycobot_description/share/mycobot_description/urdf/mycobot_280_m5/joint5.dae
/home/er/colcon_ws/src/mycobot_ros2/install/mycobot_description/share/mycobot_description/urdf/mycobot_280_m5/pump_box.dae
/home/er/colcon_ws/src/mycobot_ros2/install/mycobot_description/share/mycobot_description/urdf/mycobot_280_m5/camera_flange.dae
/home/er/colcon_ws/src/mycobot_ros2/install/mycobot_description/share/mycobot_description/urdf/mycobot_280_m5/joint2.png
/home/er/colcon_ws/src/mycobot_ros2/install/mycobot_description/share/mycobot_description/urdf/mycobot_280_m5/joint4.dae
/home/er/colcon_ws/src/mycobot_ros2/install/mycobot_description/share/mycobot_description/urdf/mycobot_280_m5/joint5.png
/home/er/colcon_ws/src/mycobot_ros2/install/mycobot_description/share/mycobot_description/urdf/mycobot_280_m5/joint6.png
/home/er/colcon_ws/src/mycobot_ros2/install/mycobot_description/share/mycobot_description/urdf/mycobot_280_m5/suit_env.dae
/home/er/colcon_ws/src/mycobot_ros2/install/mycobot_description/share/mycobot_description/urdf/mycobot_280_m5/mycobot_280_m5_with_camera_flange_pump.urdf
/home/er/colcon_ws/src/mycobot_ros2/install/mycobot_description/share/mycobot_description/urdf/mycobot_280_m5/joint1.png
/home/er/colcon_ws/src/mycobot_ros2/install/mycobot_description/share/mycobot_description/urdf/mycobot_280_m5/joint1.dae
/home/er/colcon_ws/src/mycobot_ros2/install/mycobot_description/share/mycobot_description/urdf/mycobot_280_m5/mycobot_step.STEP
/home/er/colcon_ws/src/mycobot_ros2/install/mycobot_description/share/mycobot_description/urdf/mycobot_280_m5/mycobot_with_vision.urdf
/home/er/colcon_ws/src/mycobot_ros2/install/mycobot_description/share/mycobot_description/urdf/mycobot_280_m5/joint7.png
/home/er/colcon_ws/src/mycobot_ros2/install/mycobot_description/share/mycobot_description/urdf/mycobot_280_m5/joint6.dae
/home/er/colcon_ws/src/mycobot_ros2/install/mycobot_description/share/mycobot_description/urdf/mycobot_280_pi/pump_head.dae
/home/er/colcon_ws/src/mycobot_ros2/install/mycobot_description/share/mycobot_description/urdf/mycobot_280_pi/joint2.dae
/home/er/colcon_ws/src/mycobot_ros2/install/mycobot_description/share/mycobot_description/urdf/mycobot_280_pi/mycobot_280_pi.urdf
/home/er/colcon_ws/src/mycobot_ros2/install/mycobot_description/share/mycobot_description/urdf/mycobot_280_pi/joint4.png
/home/er/colcon_ws/src/mycobot_ros2/install/mycobot_description/share/mycobot_description/urdf/mycobot_280_pi/mycobot_280_pi_with_pump.urdf
/home/er/colcon_ws/src/mycobot_ros2/install/mycobot_description/share/mycobot_description/urdf/mycobot_280_pi/joint7.dae
/home/er/colcon_ws/src/mycobot_ros2/install/mycobot_description/share/mycobot_description/urdf/mycobot_280_pi/joint3.png
/home/er/colcon_ws/src/mycobot_ros2/install/mycobot_description/share/mycobot_description/urdf/mycobot_280_pi/joint1_pi.dae
/home/er/colcon_ws/src/mycobot_ros2/install/mycobot_description/share/mycobot_description/urdf/mycobot_280_pi/joint3.dae
/home/er/colcon_ws/src/mycobot_ros2/install/mycobot_description/share/mycobot_description/urdf/mycobot_280_pi/G_base.dae
/home/er/colcon_ws/src/mycobot_ros2/install/mycobot_description/share/mycobot_description/urdf/mycobot_280_pi/joint5.dae
/home/er/colcon_ws/src/mycobot_ros2/install/mycobot_description/share/mycobot_description/urdf/mycobot_280_pi/pump_box.dae
/home/er/colcon_ws/src/mycobot_ros2/install/mycobot_description/share/mycobot_description/urdf/mycobot_280_pi/camera_flange.dae
/home/er/colcon_ws/src/mycobot_ros2/install/mycobot_description/share/mycobot_description/urdf/mycobot_280_pi/joint2.png
/home/er/colcon_ws/src/mycobot_ros2/install/mycobot_description/share/mycobot_description/urdf/mycobot_280_pi/joint4.dae
/home/er/colcon_ws/src/mycobot_ros2/install/mycobot_description/share/mycobot_description/urdf/mycobot_280_pi/joint5.png
/home/er/colcon_ws/src/mycobot_ros2/install/mycobot_description/share/mycobot_description/urdf/mycobot_280_pi/joint6.png
/home/er/colcon_ws/src/mycobot_ros2/install/mycobot_description/share/mycobot_description/urdf/mycobot_280_pi/mycobot_280_pi_with_camera_flange.urdf
/home/er/colcon_ws/src/mycobot_ros2/install/mycobot_description/share/mycobot_description/urdf/mycobot_280_pi/joint1.png
/home/er/colcon_ws/src/mycobot_ros2/install/mycobot_description/share/mycobot_description/urdf/mycobot_280_pi/mycobot_280_pi_with_camera_flange_pump.urdf
/home/er/colcon_ws/src/mycobot_ros2/install/mycobot_description/share/mycobot_description/urdf/mycobot_280_pi/joint7.png
/home/er/colcon_ws/src/mycobot_ros2/install/mycobot_description/share/mycobot_description/urdf/mycobot_280_pi/joint6.dae
/home/er/colcon_ws/src/mycobot_ros2/install/mycobot_description/share/mycobot_description/urdf/mecharm_270_m5/base.dae
/home/er/colcon_ws/src/mycobot_ros2/install/mycobot_description/share/mycobot_description/urdf/mecharm_270_m5/mecharm_270_m5.urdf
/home/er/colcon_ws/src/mycobot_ros2/install/mycobot_description/share/mycobot_description/urdf/mecharm_270_m5/link2.dae
/home/er/colcon_ws/src/mycobot_ros2/install/mycobot_description/share/mycobot_description/urdf/mecharm_270_m5/link1.dae
/home/er/colcon_ws/src/mycobot_ros2/install/mycobot_description/share/mycobot_description/urdf/mecharm_270_m5/link4.dae
/home/er/colcon_ws/src/mycobot_ros2/install/mycobot_description/share/mycobot_description/urdf/mecharm_270_m5/link3.dae
/home/er/colcon_ws/src/mycobot_ros2/install/mycobot_description/share/mycobot_description/urdf/mecharm_270_m5/link6.dae
/home/er/colcon_ws/src/mycobot_ros2/install/mycobot_description/share/mycobot_description/urdf/mecharm_270_m5/link5.dae
/home/er/colcon_ws/src/mycobot_ros2/install/mycobot_description/share/mycobot_description/urdf/mecharm_270_pi/base.dae
/home/er/colcon_ws/src/mycobot_ros2/install/mycobot_description/share/mycobot_description/urdf/mecharm_270_pi/link2.dae
/home/er/colcon_ws/src/mycobot_ros2/install/mycobot_description/share/mycobot_description/urdf/mecharm_270_pi/mecharm_270_pi.urdf
/home/er/colcon_ws/src/mycobot_ros2/install/mycobot_description/share/mycobot_description/urdf/mecharm_270_pi/link1.dae
/home/er/colcon_ws/src/mycobot_ros2/install/mycobot_description/share/mycobot_description/urdf/mecharm_270_pi/link4.dae
/home/er/colcon_ws/src/mycobot_ros2/install/mycobot_description/share/mycobot_description/urdf/mecharm_270_pi/link3.dae
/home/er/colcon_ws/src/mycobot_ros2/install/mycobot_description/share/mycobot_description/urdf/mecharm_270_pi/link6.dae
/home/er/colcon_ws/src/mycobot_ros2/install/mycobot_description/share/mycobot_description/urdf/mecharm_270_pi/link5.dae
/home/er/colcon_ws/src/mycobot_ros2/install/mycobot_description/share/mycobot_description/urdf/mycobot_320_pi_2022/base.dae
/home/er/colcon_ws/src/mycobot_ros2/install/mycobot_description/share/mycobot_description/urdf/mycobot_320_pi_2022/link2.dae
/home/er/colcon_ws/src/mycobot_ros2/install/mycobot_description/share/mycobot_description/urdf/mycobot_320_pi_2022/link1.dae
/home/er/colcon_ws/src/mycobot_ros2/install/mycobot_description/share/mycobot_description/urdf/mycobot_320_pi_2022/link4.dae
/home/er/colcon_ws/src/mycobot_ros2/install/mycobot_description/share/mycobot_description/urdf/mycobot_320_pi_2022/mycobot_320_pi_2022.urdf
/home/er/colcon_ws/src/mycobot_ros2/install/mycobot_description/share/mycobot_description/urdf/mycobot_320_pi_2022/link3.dae
/home/er/colcon_ws/src/mycobot_ros2/install/mycobot_description/share/mycobot_description/urdf/mycobot_320_pi_2022/link6.dae
/home/er/colcon_ws/src/mycobot_ros2/install/mycobot_description/share/mycobot_description/urdf/mycobot_320_pi_2022/link5.dae
/home/er/colcon_ws/src/mycobot_ros2/install/mycobot_description/share/mycobot_description/urdf/mybuddy/mybuddy.urdf
/home/er/colcon_ws/src/mycobot_ros2/install/mycobot_description/share/mycobot_description/urdf/mybuddy/joint2_R.dae
/home/er/colcon_ws/src/mycobot_ros2/install/mycobot_description/share/mycobot_description/urdf/mybuddy/joint4_R.dae
/home/er/colcon_ws/src/mycobot_ros2/install/mycobot_description/share/mycobot_description/urdf/mybuddy/joint1_L.dae
/home/er/colcon_ws/src/mycobot_ros2/install/mycobot_description/share/mycobot_description/urdf/mybuddy/mybuddy-up.dae
/home/er/colcon_ws/src/mycobot_ros2/install/mycobot_description/share/mycobot_description/urdf/mybuddy/joint4.png
/home/er/colcon_ws/src/mycobot_ros2/install/mycobot_description/share/mycobot_description/urdf/mybuddy/joint5_R.dae
/home/er/colcon_ws/src/mycobot_ros2/install/mycobot_description/share/mycobot_description/urdf/mybuddy/joint3.png
/home/er/colcon_ws/src/mycobot_ros2/install/mycobot_description/share/mycobot_description/urdf/mybuddy/mybuddy-down.dae
/home/er/colcon_ws/src/mycobot_ros2/install/mycobot_description/share/mycobot_description/urdf/mybuddy/joint2_L.dae
/home/er/colcon_ws/src/mycobot_ros2/install/mycobot_description/share/mycobot_description/urdf/mybuddy/joint3_L.dae
/home/er/colcon_ws/src/mycobot_ros2/install/mycobot_description/share/mycobot_description/urdf/mybuddy/joint6_R.dae
/home/er/colcon_ws/src/mycobot_ros2/install/mycobot_description/share/mycobot_description/urdf/mybuddy/joint3.dae
/home/er/colcon_ws/src/mycobot_ros2/install/mycobot_description/share/mycobot_description/urdf/mybuddy/joint2.png
/home/er/colcon_ws/src/mycobot_ros2/install/mycobot_description/share/mycobot_description/urdf/mybuddy/joint1_R.dae
/home/er/colcon_ws/src/mycobot_ros2/install/mycobot_description/share/mycobot_description/urdf/mybuddy/joint4_L.dae
/home/er/colcon_ws/src/mycobot_ros2/install/mycobot_description/share/mycobot_description/urdf/mybuddy/joint3_R.dae
/home/er/colcon_ws/src/mycobot_ros2/install/mycobot_description/share/mycobot_description/urdf/mybuddy/joint5.png
/home/er/colcon_ws/src/mycobot_ros2/install/mycobot_description/share/mycobot_description/urdf/mybuddy/joint6.png
/home/er/colcon_ws/src/mycobot_ros2/install/mycobot_description/share/mycobot_description/urdf/mybuddy/joint6_L.dae
/home/er/colcon_ws/src/mycobot_ros2/install/mycobot_description/share/mycobot_description/urdf/mybuddy/joint5_L.dae
/home/er/colcon_ws/src/mycobot_ros2/install/mycobot_description/share/mycobot_description/urdf/mybuddy/joint7.png
/home/er/colcon_ws/src/mycobot_ros2/install/mycobot_description/share/mycobot_description/urdf/ultraArm_p340/ultraArm-3.dae
/home/er/colcon_ws/src/mycobot_ros2/install/mycobot_description/share/mycobot_description/urdf/ultraArm_p340/ultraArm-base.dae
/home/er/colcon_ws/src/mycobot_ros2/install/mycobot_description/share/mycobot_description/urdf/ultraArm_p340/ultraArm-1.dae
/home/er/colcon_ws/src/mycobot_ros2/install/mycobot_description/share/mycobot_description/urdf/ultraArm_p340/ultraArm-2.dae
/home/er/colcon_ws/src/mycobot_ros2/install/mycobot_description/share/mycobot_description/urdf/ultraArm_p340/suit_env.dae
/home/er/colcon_ws/src/mycobot_ros2/install/mycobot_description/share/mycobot_description/urdf/ultraArm_p340/ultraArm_p340_aiki.urdf
/home/er/colcon_ws/src/mycobot_ros2/install/mycobot_description/share/mycobot_description/urdf/ultraArm_p340/ultraArm_p340.urdf
/home/er/colcon_ws/src/mycobot_ros2/install/mycobot_description/share/mycobot_description/urdf/mycobot_280_x3pi/joint2.dae
/home/er/colcon_ws/src/mycobot_ros2/install/mycobot_description/share/mycobot_description/urdf/mycobot_280_x3pi/mycobot_280_x3pi.urdf
/home/er/colcon_ws/src/mycobot_ros2/install/mycobot_description/share/mycobot_description/urdf/mycobot_280_x3pi/joint4.png
/home/er/colcon_ws/src/mycobot_ros2/install/mycobot_description/share/mycobot_description/urdf/mycobot_280_x3pi/joint7.dae
/home/er/colcon_ws/src/mycobot_ros2/install/mycobot_description/share/mycobot_description/urdf/mycobot_280_x3pi/joint3.png
/home/er/colcon_ws/src/mycobot_ros2/install/mycobot_description/share/mycobot_description/urdf/mycobot_280_x3pi/joint1_pi.dae
/home/er/colcon_ws/src/mycobot_ros2/install/mycobot_description/share/mycobot_description/urdf/mycobot_280_x3pi/joint3.dae
/home/er/colcon_ws/src/mycobot_ros2/install/mycobot_description/share/mycobot_description/urdf/mycobot_280_x3pi/joint5.dae
/home/er/colcon_ws/src/mycobot_ros2/install/mycobot_description/share/mycobot_description/urdf/mycobot_280_x3pi/joint2.png
/home/er/colcon_ws/src/mycobot_ros2/install/mycobot_description/share/mycobot_description/urdf/mycobot_280_x3pi/joint4.dae
/home/er/colcon_ws/src/mycobot_ros2/install/mycobot_description/share/mycobot_description/urdf/mycobot_280_x3pi/joint5.png
/home/er/colcon_ws/src/mycobot_ros2/install/mycobot_description/share/mycobot_description/urdf/mycobot_280_x3pi/joint6.png
/home/er/colcon_ws/src/mycobot_ros2/install/mycobot_description/share/mycobot_description/urdf/mycobot_280_x3pi/joint1.png
/home/er/colcon_ws/src/mycobot_ros2/install/mycobot_description/share/mycobot_description/urdf/mycobot_280_x3pi/joint7.png
/home/er/colcon_ws/src/mycobot_ros2/install/mycobot_description/share/mycobot_description/urdf/mycobot_280_x3pi/joint6.dae
/home/er/colcon_ws/src/mycobot_ros2/install/mycobot_description/share/mycobot_description/urdf/myarm_300_pi/base.dae
/home/er/colcon_ws/src/mycobot_ros2/install/mycobot_description/share/mycobot_description/urdf/myarm_300_pi/j7.dae
/home/er/colcon_ws/src/mycobot_ros2/install/mycobot_description/share/mycobot_description/urdf/myarm_300_pi/j4.dae
/home/er/colcon_ws/src/mycobot_ros2/install/mycobot_description/share/mycobot_description/urdf/myarm_300_pi/j1.dae
/home/er/colcon_ws/src/mycobot_ros2/install/mycobot_description/share/mycobot_description/urdf/myarm_300_pi/j5.dae
/home/er/colcon_ws/src/mycobot_ros2/install/mycobot_description/share/mycobot_description/urdf/myarm_300_pi/myarm_300_pi.urdf
/home/er/colcon_ws/src/mycobot_ros2/install/mycobot_description/share/mycobot_description/urdf/myarm_300_pi/j2.dae
/home/er/colcon_ws/src/mycobot_ros2/install/mycobot_description/share/mycobot_description/urdf/myarm_300_pi/j6.dae
/home/er/colcon_ws/src/mycobot_ros2/install/mycobot_description/share/mycobot_description/urdf/myarm_300_pi/j3.dae
/home/er/colcon_ws/src/mycobot_ros2/install/mycobot_description/share/mycobot_description/urdf/myarm_c650/myarm_c_grip_R.dae
/home/er/colcon_ws/src/mycobot_ros2/install/mycobot_description/share/mycobot_description/urdf/myarm_c650/joint2.dae
/home/er/colcon_ws/src/mycobot_ros2/install/mycobot_description/share/mycobot_description/urdf/myarm_c650/base.dae
/home/er/colcon_ws/src/mycobot_ros2/install/mycobot_description/share/mycobot_description/urdf/myarm_c650/myarm_basic_base.dae
/home/er/colcon_ws/src/mycobot_ros2/install/mycobot_description/share/mycobot_description/urdf/myarm_c650/myarm_c650.urdf
/home/er/colcon_ws/src/mycobot_ros2/install/mycobot_description/share/mycobot_description/urdf/myarm_c650/myarm_c650.urdf.xacro
/home/er/colcon_ws/src/mycobot_ros2/install/mycobot_description/share/mycobot_description/urdf/myarm_c650/endeffector.dae
/home/er/colcon_ws/src/mycobot_ros2/install/mycobot_description/share/mycobot_description/urdf/myarm_c650/joint3.dae
/home/er/colcon_ws/src/mycobot_ros2/install/mycobot_description/share/mycobot_description/urdf/myarm_c650/joint5.dae
/home/er/colcon_ws/src/mycobot_ros2/install/mycobot_description/share/mycobot_description/urdf/myarm_c650/myarm_c_grip_L.dae
/home/er/colcon_ws/src/mycobot_ros2/install/mycobot_description/share/mycobot_description/urdf/myarm_c650/myarm_c_grip_Base.dae
/home/er/colcon_ws/src/mycobot_ros2/install/mycobot_description/share/mycobot_description/urdf/myarm_c650/joint4.dae
/home/er/colcon_ws/src/mycobot_ros2/install/mycobot_description/share/mycobot_description/urdf/myarm_c650/joint1.dae
/home/er/colcon_ws/src/mycobot_ros2/install/mycobot_description/share/mycobot_description/urdf/myarm_m750/link2.dae
/home/er/colcon_ws/src/mycobot_ros2/install/mycobot_description/share/mycobot_description/urdf/myarm_m750/link1.dae
/home/er/colcon_ws/src/mycobot_ros2/install/mycobot_description/share/mycobot_description/urdf/myarm_m750/myarm_m750.urdf
/home/er/colcon_ws/src/mycobot_ros2/install/mycobot_description/share/mycobot_description/urdf/myarm_m750/endeffector.dae
/home/er/colcon_ws/src/mycobot_ros2/install/mycobot_description/share/mycobot_description/urdf/myarm_m750/finger_holder.dae
/home/er/colcon_ws/src/mycobot_ros2/install/mycobot_description/share/mycobot_description/urdf/myarm_m750/myarm_m750.urdf.xacro
/home/er/colcon_ws/src/mycobot_ros2/install/mycobot_description/share/mycobot_description/urdf/myarm_m750/link4.dae
/home/er/colcon_ws/src/mycobot_ros2/install/mycobot_description/share/mycobot_description/urdf/myarm_m750/myarm_m750_base.dae
/home/er/colcon_ws/src/mycobot_ros2/install/mycobot_description/share/mycobot_description/urdf/myarm_m750/finger_left.dae
/home/er/colcon_ws/src/mycobot_ros2/install/mycobot_description/share/mycobot_description/urdf/myarm_m750/finger_right.dae
/home/er/colcon_ws/src/mycobot_ros2/install/mycobot_description/share/mycobot_description/urdf/myarm_m750/link3.dae
/home/er/colcon_ws/src/mycobot_ros2/install/mycobot_description/share/mycobot_description/urdf/myarm_m750/link5.dae
/home/er/colcon_ws/src/mycobot_ros2/install/mycobot_description/share/mycobot_description/urdf/mycobot_pro_630/base.dae
/home/er/colcon_ws/src/mycobot_ros2/install/mycobot_description/share/mycobot_description/urdf/mycobot_pro_630/link2.dae
/home/er/colcon_ws/src/mycobot_ros2/install/mycobot_description/share/mycobot_description/urdf/mycobot_pro_630/link1.dae
/home/er/colcon_ws/src/mycobot_ros2/install/mycobot_description/share/mycobot_description/urdf/mycobot_pro_630/mycobot_pro_630.urdf
/home/er/colcon_ws/src/mycobot_ros2/install/mycobot_description/share/mycobot_description/urdf/mycobot_pro_630/link4.dae
/home/er/colcon_ws/src/mycobot_ros2/install/mycobot_description/share/mycobot_description/urdf/mycobot_pro_630/link3.dae
/home/er/colcon_ws/src/mycobot_ros2/install/mycobot_description/share/mycobot_description/urdf/mycobot_pro_630/link6.dae
/home/er/colcon_ws/src/mycobot_ros2/install/mycobot_description/share/mycobot_description/urdf/mycobot_pro_630/link5.dae
/home/er/colcon_ws/src/mycobot_ros2/install/mycobot_description/share/mycobot_description/urdf/mycobot_280_riscv/mycobot_280_riscv_with_camera_flange.urdf
/home/er/colcon_ws/src/mycobot_ros2/install/mycobot_description/share/mycobot_description/urdf/mycobot_280_riscv/pump_head.dae
/home/er/colcon_ws/src/mycobot_ros2/install/mycobot_description/share/mycobot_description/urdf/mycobot_280_riscv/joint2.dae
/home/er/colcon_ws/src/mycobot_ros2/install/mycobot_description/share/mycobot_description/urdf/mycobot_280_riscv/joint4.png
/home/er/colcon_ws/src/mycobot_ros2/install/mycobot_description/share/mycobot_description/urdf/mycobot_280_riscv/joint7.dae
/home/er/colcon_ws/src/mycobot_ros2/install/mycobot_description/share/mycobot_description/urdf/mycobot_280_riscv/joint3.png
/home/er/colcon_ws/src/mycobot_ros2/install/mycobot_description/share/mycobot_description/urdf/mycobot_280_riscv/joint1_pi.dae
/home/er/colcon_ws/src/mycobot_ros2/install/mycobot_description/share/mycobot_description/urdf/mycobot_280_riscv/joint3.dae
/home/er/colcon_ws/src/mycobot_ros2/install/mycobot_description/share/mycobot_description/urdf/mycobot_280_riscv/G_base.dae
/home/er/colcon_ws/src/mycobot_ros2/install/mycobot_description/share/mycobot_description/urdf/mycobot_280_riscv/mycobot_280_riscv_with_pump.urdf
/home/er/colcon_ws/src/mycobot_ros2/install/mycobot_description/share/mycobot_description/urdf/mycobot_280_riscv/joint5.dae
/home/er/colcon_ws/src/mycobot_ros2/install/mycobot_description/share/mycobot_description/urdf/mycobot_280_riscv/pump_box.dae
/home/er/colcon_ws/src/mycobot_ros2/install/mycobot_description/share/mycobot_description/urdf/mycobot_280_riscv/camera_flange.dae
/home/er/colcon_ws/src/mycobot_ros2/install/mycobot_description/share/mycobot_description/urdf/mycobot_280_riscv/joint2.png
/home/er/colcon_ws/src/mycobot_ros2/install/mycobot_description/share/mycobot_description/urdf/mycobot_280_riscv/mycobot_280_riscv.urdf
/home/er/colcon_ws/src/mycobot_ros2/install/mycobot_description/share/mycobot_description/urdf/mycobot_280_riscv/joint4.dae
/home/er/colcon_ws/src/mycobot_ros2/install/mycobot_description/share/mycobot_description/urdf/mycobot_280_riscv/joint5.png
/home/er/colcon_ws/src/mycobot_ros2/install/mycobot_description/share/mycobot_description/urdf/mycobot_280_riscv/joint6.png
/home/er/colcon_ws/src/mycobot_ros2/install/mycobot_description/share/mycobot_description/urdf/mycobot_280_riscv/joint1.png
/home/er/colcon_ws/src/mycobot_ros2/install/mycobot_description/share/mycobot_description/urdf/mycobot_280_riscv/mycobot_280_riscv_with_camera_flange_pump.urdf
/home/er/colcon_ws/src/mycobot_ros2/install/mycobot_description/share/mycobot_description/urdf/mycobot_280_riscv/joint7.png
/home/er/colcon_ws/src/mycobot_ros2/install/mycobot_description/share/mycobot_description/urdf/mycobot_280_riscv/joint6.dae
/home/er/colcon_ws/src/mycobot_ros2/install/mycobot_description/share/mycobot_description/urdf/mycobot_280_rdkx5/joint1_rdkx5.dae
/home/er/colcon_ws/src/mycobot_ros2/install/mycobot_description/share/mycobot_description/urdf/mycobot_280_rdkx5/joint2.dae
/home/er/colcon_ws/src/mycobot_ros2/install/mycobot_description/share/mycobot_description/urdf/mycobot_280_rdkx5/joint4.png
/home/er/colcon_ws/src/mycobot_ros2/install/mycobot_description/share/mycobot_description/urdf/mycobot_280_rdkx5/joint7.dae
/home/er/colcon_ws/src/mycobot_ros2/install/mycobot_description/share/mycobot_description/urdf/mycobot_280_rdkx5/joint3.png
/home/er/colcon_ws/src/mycobot_ros2/install/mycobot_description/share/mycobot_description/urdf/mycobot_280_rdkx5/mycobot_280_rdkx5.urdf
/home/er/colcon_ws/src/mycobot_ros2/install/mycobot_description/share/mycobot_description/urdf/mycobot_280_rdkx5/joint3.dae
/home/er/colcon_ws/src/mycobot_ros2/install/mycobot_description/share/mycobot_description/urdf/mycobot_280_rdkx5/joint5.dae
/home/er/colcon_ws/src/mycobot_ros2/install/mycobot_description/share/mycobot_description/urdf/mycobot_280_rdkx5/joint2.png
/home/er/colcon_ws/src/mycobot_ros2/install/mycobot_description/share/mycobot_description/urdf/mycobot_280_rdkx5/joint4.dae
/home/er/colcon_ws/src/mycobot_ros2/install/mycobot_description/share/mycobot_description/urdf/mycobot_280_rdkx5/joint5.png
/home/er/colcon_ws/src/mycobot_ros2/install/mycobot_description/share/mycobot_description/urdf/mycobot_280_rdkx5/joint6.png
/home/er/colcon_ws/src/mycobot_ros2/install/mycobot_description/share/mycobot_description/urdf/mycobot_280_rdkx5/joint1.png
/home/er/colcon_ws/src/mycobot_ros2/install/mycobot_description/share/mycobot_description/urdf/mycobot_280_rdkx5/joint7.png
/home/er/colcon_ws/src/mycobot_ros2/install/mycobot_description/share/mycobot_description/urdf/mycobot_280_rdkx5/joint6.dae
/home/er/colcon_ws/src/mycobot_ros2/install/mycobot_description/share/mycobot_description/urdf/mycobot_320_riscv/base.dae
/home/er/colcon_ws/src/mycobot_ros2/install/mycobot_description/share/mycobot_description/urdf/mycobot_320_riscv/link2.dae
/home/er/colcon_ws/src/mycobot_ros2/install/mycobot_description/share/mycobot_description/urdf/mycobot_320_riscv/link1.dae
/home/er/colcon_ws/src/mycobot_ros2/install/mycobot_description/share/mycobot_description/urdf/mycobot_320_riscv/link4.dae
/home/er/colcon_ws/src/mycobot_ros2/install/mycobot_description/share/mycobot_description/urdf/mycobot_320_riscv/link3.dae
/home/er/colcon_ws/src/mycobot_ros2/install/mycobot_description/share/mycobot_description/urdf/mycobot_320_riscv/link6.dae
/home/er/colcon_ws/src/mycobot_ros2/install/mycobot_description/share/mycobot_description/urdf/mycobot_320_riscv/link5.dae
/home/er/colcon_ws/src/mycobot_ros2/install/mycobot_description/share/mycobot_description/urdf/mycobot_320_riscv/mycobot_320_riscv.urdf
/home/er/colcon_ws/src/mycobot_ros2/install/mycobot_description/lib/python3.8/site-packages/mycobot_description-0.0.0-py3.8.egg-info/SOURCES.txt
/home/er/colcon_ws/src/mycobot_ros2/install/mycobot_description/lib/python3.8/site-packages/mycobot_description-0.0.0-py3.8.egg-info/PKG-INFO
/home/er/colcon_ws/src/mycobot_ros2/install/mycobot_description/lib/python3.8/site-packages/mycobot_description-0.0.0-py3.8.egg-info/entry_points.txt
/home/er/colcon_ws/src/mycobot_ros2/install/mycobot_description/lib/python3.8/site-packages/mycobot_description-0.0.0-py3.8.egg-info/dependency_links.txt
/home/er/colcon_ws/src/mycobot_ros2/install/mycobot_description/lib/python3.8/site-packages/mycobot_description-0.0.0-py3.8.egg-info/top_level.txt
/home/er/colcon_ws/src/mycobot_ros2/install/mycobot_description/lib/python3.8/site-packages/mycobot_description-0.0.0-py3.8.egg-info/zip-safe
/home/er/colcon_ws/src/mycobot_ros2/install/mycobot_description/lib/python3.8/site-packages/mycobot_description-0.0.0-py3.8.egg-info/requires.txt
